// Jest Snapshot v1, https://goo.gl/fbAQLP

exports[`Calculator.vue renders correctly 1`] = `
<div
  class="container"
>
  <div
    class="calculator"
  >
    <input
      id="display"
      readonly="readonly"
      type="text"
    />
     
    <div
      class="controls"
    >
      <button>
        C
      </button>
       
      <button>
        +
      </button>
       
      <button>
        -
      </button>
       
      <button>
        âŒ«
      </button>
       
      <button>
        7
      </button>
       
      <button>
        8
      </button>
       
      <button>
        9
      </button>
       
      <button>
        *
      </button>
       
      <button>
        4
      </button>
       
      <button>
        5
      </button>
       
      <button>
        6
      </button>
       
      <button>
        /
      </button>
       
      <button>
        1
      </button>
       
      <button>
        2
      </button>
       
      <button>
        3
      </button>
       
      <button>
        ^
      </button>
       
      <button
        class="double"
      >
        0
      </button>
       
      <button
        class="double"
      >
        =
      </button>
    </div>
  </div>
</div>
`;
